------------------------------------------------------------
Timing Analyzer Summary
------------------------------------------------------------

Type  : Slow 1100mV 85C Model Setup 'clk'
Slack : -5.383
TNS   : -101.156

Type  : Slow 1100mV 85C Model Setup 'counter:u1|q[1]'
Slack : -2.266
TNS   : -13.592

Type  : Slow 1100mV 85C Model Setup 'clk_dll:u0|out_clk'
Slack : -1.270
TNS   : -7.316

Type  : Slow 1100mV 85C Model Hold 'counter:u1|q[1]'
Slack : -0.237
TNS   : -0.760

Type  : Slow 1100mV 85C Model Hold 'clk_dll:u0|out_clk'
Slack : 0.369
TNS   : 0.000

Type  : Slow 1100mV 85C Model Hold 'clk'
Slack : 0.396
TNS   : 0.000

Type  : Slow 1100mV 85C Model Minimum Pulse Width 'clk'
Slack : -0.405
TNS   : -20.540

Type  : Slow 1100mV 85C Model Minimum Pulse Width 'clk_dll:u0|out_clk'
Slack : -0.394
TNS   : -4.112

Type  : Slow 1100mV 85C Model Minimum Pulse Width 'counter:u1|q[1]'
Slack : 0.381
TNS   : 0.000

Type  : Slow 1100mV 0C Model Setup 'clk'
Slack : -5.488
TNS   : -100.554

Type  : Slow 1100mV 0C Model Setup 'counter:u1|q[1]'
Slack : -2.238
TNS   : -13.406

Type  : Slow 1100mV 0C Model Setup 'clk_dll:u0|out_clk'
Slack : -1.290
TNS   : -7.351

Type  : Slow 1100mV 0C Model Hold 'counter:u1|q[1]'
Slack : -0.330
TNS   : -1.124

Type  : Slow 1100mV 0C Model Hold 'clk_dll:u0|out_clk'
Slack : 0.366
TNS   : 0.000

Type  : Slow 1100mV 0C Model Hold 'clk'
Slack : 0.393
TNS   : 0.000

Type  : Slow 1100mV 0C Model Minimum Pulse Width 'clk'
Slack : -0.427
TNS   : -22.249

Type  : Slow 1100mV 0C Model Minimum Pulse Width 'clk_dll:u0|out_clk'
Slack : -0.394
TNS   : -4.064

Type  : Slow 1100mV 0C Model Minimum Pulse Width 'counter:u1|q[1]'
Slack : 0.362
TNS   : 0.000

Type  : Fast 1100mV 85C Model Setup 'clk'
Slack : -3.375
TNS   : -44.092

Type  : Fast 1100mV 85C Model Setup 'counter:u1|q[1]'
Slack : -1.303
TNS   : -6.740

Type  : Fast 1100mV 85C Model Setup 'clk_dll:u0|out_clk'
Slack : -0.462
TNS   : -2.337

Type  : Fast 1100mV 85C Model Hold 'counter:u1|q[1]'
Slack : -0.352
TNS   : -1.494

Type  : Fast 1100mV 85C Model Hold 'clk_dll:u0|out_clk'
Slack : 0.181
TNS   : 0.000

Type  : Fast 1100mV 85C Model Hold 'clk'
Slack : 0.213
TNS   : 0.000

Type  : Fast 1100mV 85C Model Minimum Pulse Width 'clk'
Slack : -0.431
TNS   : -3.759

Type  : Fast 1100mV 85C Model Minimum Pulse Width 'clk_dll:u0|out_clk'
Slack : 0.152
TNS   : 0.000

Type  : Fast 1100mV 85C Model Minimum Pulse Width 'counter:u1|q[1]'
Slack : 0.387
TNS   : 0.000

Type  : Fast 1100mV 0C Model Setup 'clk'
Slack : -2.843
TNS   : -38.182

Type  : Fast 1100mV 0C Model Setup 'counter:u1|q[1]'
Slack : -1.142
TNS   : -5.977

Type  : Fast 1100mV 0C Model Setup 'clk_dll:u0|out_clk'
Slack : -0.392
TNS   : -1.870

Type  : Fast 1100mV 0C Model Hold 'counter:u1|q[1]'
Slack : -0.363
TNS   : -1.669

Type  : Fast 1100mV 0C Model Hold 'clk_dll:u0|out_clk'
Slack : 0.164
TNS   : 0.000

Type  : Fast 1100mV 0C Model Hold 'clk'
Slack : 0.200
TNS   : 0.000

Type  : Fast 1100mV 0C Model Minimum Pulse Width 'clk'
Slack : -0.438
TNS   : -3.835

Type  : Fast 1100mV 0C Model Minimum Pulse Width 'clk_dll:u0|out_clk'
Slack : 0.155
TNS   : 0.000

Type  : Fast 1100mV 0C Model Minimum Pulse Width 'counter:u1|q[1]'
Slack : 0.394
TNS   : 0.000

------------------------------------------------------------
