------------------------------------------------------------
Timing Analyzer Summary
------------------------------------------------------------

Type  : Slow 1100mV 85C Model Setup 'clk'
Slack : -5.358
TNS   : -87.767

Type  : Slow 1100mV 85C Model Setup 'counter9:u8|q[1]'
Slack : -3.241
TNS   : -16.847

Type  : Slow 1100mV 85C Model Setup 'clk_dll3600:u4|out_clk'
Slack : -3.126
TNS   : -36.812

Type  : Slow 1100mV 85C Model Setup 'counter4:u10|q2[1]'
Slack : -2.999
TNS   : -19.464

Type  : Slow 1100mV 85C Model Setup 'counter9:u6|q[1]'
Slack : -2.924
TNS   : -18.461

Type  : Slow 1100mV 85C Model Setup 'counter4:u10|q[1]'
Slack : -2.766
TNS   : -18.230

Type  : Slow 1100mV 85C Model Setup 'counter6:u7|q[1]'
Slack : -2.472
TNS   : -14.650

Type  : Slow 1100mV 85C Model Setup 'counter6:u9|q[1]'
Slack : -2.428
TNS   : -15.268

Type  : Slow 1100mV 85C Model Setup 'clk_dll60:u2|out_clk'
Slack : -1.862
TNS   : -16.872

Type  : Slow 1100mV 85C Model Setup 'clk_dll:u0|out_clk'
Slack : -1.812
TNS   : -14.881

Type  : Slow 1100mV 85C Model Setup 'clk_dll600:u3|out_clk'
Slack : -1.770
TNS   : -18.072

Type  : Slow 1100mV 85C Model Setup 'clk_dll10:u1|out_clk'
Slack : -1.594
TNS   : -18.320

Type  : Slow 1100mV 85C Model Hold 'counter9:u8|q[1]'
Slack : -0.349
TNS   : -0.349

Type  : Slow 1100mV 85C Model Hold 'counter6:u7|q[1]'
Slack : -0.217
TNS   : -0.217

Type  : Slow 1100mV 85C Model Hold 'clk_dll3600:u4|out_clk'
Slack : 0.167
TNS   : 0.000

Type  : Slow 1100mV 85C Model Hold 'counter9:u6|q[1]'
Slack : 0.263
TNS   : 0.000

Type  : Slow 1100mV 85C Model Hold 'clk_dll60:u2|out_clk'
Slack : 0.335
TNS   : 0.000

Type  : Slow 1100mV 85C Model Hold 'counter6:u9|q[1]'
Slack : 0.402
TNS   : 0.000

Type  : Slow 1100mV 85C Model Hold 'clk_dll:u0|out_clk'
Slack : 0.447
TNS   : 0.000

Type  : Slow 1100mV 85C Model Hold 'clk'
Slack : 0.468
TNS   : 0.000

Type  : Slow 1100mV 85C Model Hold 'counter4:u10|q[1]'
Slack : 0.488
TNS   : 0.000

Type  : Slow 1100mV 85C Model Hold 'clk_dll10:u1|out_clk'
Slack : 0.606
TNS   : 0.000

Type  : Slow 1100mV 85C Model Hold 'clk_dll600:u3|out_clk'
Slack : 0.607
TNS   : 0.000

Type  : Slow 1100mV 85C Model Hold 'counter4:u10|q2[1]'
Slack : 0.697
TNS   : 0.000

Type  : Slow 1100mV 85C Model Minimum Pulse Width 'clk'
Slack : -0.528
TNS   : -19.058

Type  : Slow 1100mV 85C Model Minimum Pulse Width 'clk_dll3600:u4|out_clk'
Slack : -0.394
TNS   : -8.463

Type  : Slow 1100mV 85C Model Minimum Pulse Width 'clk_dll10:u1|out_clk'
Slack : -0.394
TNS   : -8.174

Type  : Slow 1100mV 85C Model Minimum Pulse Width 'clk_dll60:u2|out_clk'
Slack : -0.394
TNS   : -7.924

Type  : Slow 1100mV 85C Model Minimum Pulse Width 'clk_dll600:u3|out_clk'
Slack : -0.394
TNS   : -7.697

Type  : Slow 1100mV 85C Model Minimum Pulse Width 'clk_dll:u0|out_clk'
Slack : -0.394
TNS   : -6.964

Type  : Slow 1100mV 85C Model Minimum Pulse Width 'counter6:u7|q[1]'
Slack : 0.322
TNS   : 0.000

Type  : Slow 1100mV 85C Model Minimum Pulse Width 'counter4:u10|q2[1]'
Slack : 0.327
TNS   : 0.000

Type  : Slow 1100mV 85C Model Minimum Pulse Width 'counter4:u10|q[1]'
Slack : 0.357
TNS   : 0.000

Type  : Slow 1100mV 85C Model Minimum Pulse Width 'counter9:u8|q[1]'
Slack : 0.372
TNS   : 0.000

Type  : Slow 1100mV 85C Model Minimum Pulse Width 'counter6:u9|q[1]'
Slack : 0.375
TNS   : 0.000

Type  : Slow 1100mV 85C Model Minimum Pulse Width 'counter9:u6|q[1]'
Slack : 0.406
TNS   : 0.000

Type  : Slow 1100mV 0C Model Setup 'clk'
Slack : -5.420
TNS   : -86.811

Type  : Slow 1100mV 0C Model Setup 'counter9:u8|q[1]'
Slack : -3.127
TNS   : -16.241

Type  : Slow 1100mV 0C Model Setup 'clk_dll3600:u4|out_clk'
Slack : -3.063
TNS   : -35.793

Type  : Slow 1100mV 0C Model Setup 'counter4:u10|q2[1]'
Slack : -2.892
TNS   : -18.754

Type  : Slow 1100mV 0C Model Setup 'counter9:u6|q[1]'
Slack : -2.774
TNS   : -17.874

Type  : Slow 1100mV 0C Model Setup 'counter4:u10|q[1]'
Slack : -2.649
TNS   : -17.644

Type  : Slow 1100mV 0C Model Setup 'counter6:u7|q[1]'
Slack : -2.430
TNS   : -14.069

Type  : Slow 1100mV 0C Model Setup 'counter6:u9|q[1]'
Slack : -2.426
TNS   : -14.888

Type  : Slow 1100mV 0C Model Setup 'clk_dll60:u2|out_clk'
Slack : -1.877
TNS   : -16.793

Type  : Slow 1100mV 0C Model Setup 'clk_dll:u0|out_clk'
Slack : -1.808
TNS   : -14.793

Type  : Slow 1100mV 0C Model Setup 'clk_dll600:u3|out_clk'
Slack : -1.801
TNS   : -18.031

Type  : Slow 1100mV 0C Model Setup 'clk_dll10:u1|out_clk'
Slack : -1.615
TNS   : -18.263

Type  : Slow 1100mV 0C Model Hold 'counter9:u8|q[1]'
Slack : -0.504
TNS   : -0.504

Type  : Slow 1100mV 0C Model Hold 'counter6:u7|q[1]'
Slack : -0.365
TNS   : -0.365

Type  : Slow 1100mV 0C Model Hold 'counter9:u6|q[1]'
Slack : 0.139
TNS   : 0.000

Type  : Slow 1100mV 0C Model Hold 'clk_dll3600:u4|out_clk'
Slack : 0.251
TNS   : 0.000

Type  : Slow 1100mV 0C Model Hold 'counter6:u9|q[1]'
Slack : 0.255
TNS   : 0.000

Type  : Slow 1100mV 0C Model Hold 'counter4:u10|q[1]'
Slack : 0.387
TNS   : 0.000

Type  : Slow 1100mV 0C Model Hold 'clk_dll60:u2|out_clk'
Slack : 0.399
TNS   : 0.000

Type  : Slow 1100mV 0C Model Hold 'clk'
Slack : 0.460
TNS   : 0.000

Type  : Slow 1100mV 0C Model Hold 'clk_dll:u0|out_clk'
Slack : 0.486
TNS   : 0.000

Type  : Slow 1100mV 0C Model Hold 'counter4:u10|q2[1]'
Slack : 0.536
TNS   : 0.000

Type  : Slow 1100mV 0C Model Hold 'clk_dll600:u3|out_clk'
Slack : 0.611
TNS   : 0.000

Type  : Slow 1100mV 0C Model Hold 'clk_dll10:u1|out_clk'
Slack : 0.617
TNS   : 0.000

Type  : Slow 1100mV 0C Model Minimum Pulse Width 'clk'
Slack : -0.544
TNS   : -20.444

Type  : Slow 1100mV 0C Model Minimum Pulse Width 'clk_dll3600:u4|out_clk'
Slack : -0.394
TNS   : -8.413

Type  : Slow 1100mV 0C Model Minimum Pulse Width 'clk_dll10:u1|out_clk'
Slack : -0.394
TNS   : -8.211

Type  : Slow 1100mV 0C Model Minimum Pulse Width 'clk_dll60:u2|out_clk'
Slack : -0.394
TNS   : -7.800

Type  : Slow 1100mV 0C Model Minimum Pulse Width 'clk_dll600:u3|out_clk'
Slack : -0.394
TNS   : -7.705

Type  : Slow 1100mV 0C Model Minimum Pulse Width 'clk_dll:u0|out_clk'
Slack : -0.394
TNS   : -6.918

Type  : Slow 1100mV 0C Model Minimum Pulse Width 'counter6:u7|q[1]'
Slack : 0.334
TNS   : 0.000

Type  : Slow 1100mV 0C Model Minimum Pulse Width 'counter4:u10|q2[1]'
Slack : 0.362
TNS   : 0.000

Type  : Slow 1100mV 0C Model Minimum Pulse Width 'counter9:u8|q[1]'
Slack : 0.376
TNS   : 0.000

Type  : Slow 1100mV 0C Model Minimum Pulse Width 'counter4:u10|q[1]'
Slack : 0.399
TNS   : 0.000

Type  : Slow 1100mV 0C Model Minimum Pulse Width 'counter6:u9|q[1]'
Slack : 0.402
TNS   : 0.000

Type  : Slow 1100mV 0C Model Minimum Pulse Width 'counter9:u6|q[1]'
Slack : 0.415
TNS   : 0.000

Type  : Fast 1100mV 85C Model Setup 'clk'
Slack : -3.881
TNS   : -38.013

Type  : Fast 1100mV 85C Model Setup 'counter9:u8|q[1]'
Slack : -1.638
TNS   : -8.593

Type  : Fast 1100mV 85C Model Setup 'clk_dll3600:u4|out_clk'
Slack : -1.629
TNS   : -18.288

Type  : Fast 1100mV 85C Model Setup 'counter4:u10|q2[1]'
Slack : -1.546
TNS   : -9.789

Type  : Fast 1100mV 85C Model Setup 'counter6:u7|q[1]'
Slack : -1.496
TNS   : -8.342

Type  : Fast 1100mV 85C Model Setup 'counter9:u6|q[1]'
Slack : -1.420
TNS   : -8.920

Type  : Fast 1100mV 85C Model Setup 'counter6:u9|q[1]'
Slack : -1.392
TNS   : -8.423

Type  : Fast 1100mV 85C Model Setup 'counter4:u10|q[1]'
Slack : -1.359
TNS   : -8.584

Type  : Fast 1100mV 85C Model Setup 'clk_dll60:u2|out_clk'
Slack : -1.124
TNS   : -6.744

Type  : Fast 1100mV 85C Model Setup 'clk_dll600:u3|out_clk'
Slack : -1.078
TNS   : -7.329

Type  : Fast 1100mV 85C Model Setup 'clk_dll:u0|out_clk'
Slack : -0.987
TNS   : -5.729

Type  : Fast 1100mV 85C Model Setup 'clk_dll10:u1|out_clk'
Slack : -0.949
TNS   : -7.190

Type  : Fast 1100mV 85C Model Hold 'counter9:u8|q[1]'
Slack : -0.302
TNS   : -0.302

Type  : Fast 1100mV 85C Model Hold 'counter6:u7|q[1]'
Slack : -0.287
TNS   : -0.287

Type  : Fast 1100mV 85C Model Hold 'clk_dll3600:u4|out_clk'
Slack : -0.097
TNS   : -0.234

Type  : Fast 1100mV 85C Model Hold 'clk_dll60:u2|out_clk'
Slack : 0.044
TNS   : 0.000

Type  : Fast 1100mV 85C Model Hold 'clk_dll:u0|out_clk'
Slack : 0.071
TNS   : 0.000

Type  : Fast 1100mV 85C Model Hold 'counter9:u6|q[1]'
Slack : 0.076
TNS   : 0.000

Type  : Fast 1100mV 85C Model Hold 'counter6:u9|q[1]'
Slack : 0.111
TNS   : 0.000

Type  : Fast 1100mV 85C Model Hold 'clk_dll600:u3|out_clk'
Slack : 0.181
TNS   : 0.000

Type  : Fast 1100mV 85C Model Hold 'clk_dll10:u1|out_clk'
Slack : 0.183
TNS   : 0.000

Type  : Fast 1100mV 85C Model Hold 'clk'
Slack : 0.255
TNS   : 0.000

Type  : Fast 1100mV 85C Model Hold 'counter4:u10|q[1]'
Slack : 0.336
TNS   : 0.000

Type  : Fast 1100mV 85C Model Hold 'counter4:u10|q2[1]'
Slack : 0.403
TNS   : 0.000

Type  : Fast 1100mV 85C Model Minimum Pulse Width 'clk'
Slack : -0.534
TNS   : -3.831

Type  : Fast 1100mV 85C Model Minimum Pulse Width 'clk_dll60:u2|out_clk'
Slack : 0.007
TNS   : 0.000

Type  : Fast 1100mV 85C Model Minimum Pulse Width 'clk_dll3600:u4|out_clk'
Slack : 0.037
TNS   : 0.000

Type  : Fast 1100mV 85C Model Minimum Pulse Width 'clk_dll:u0|out_clk'
Slack : 0.081
TNS   : 0.000

Type  : Fast 1100mV 85C Model Minimum Pulse Width 'clk_dll600:u3|out_clk'
Slack : 0.139
TNS   : 0.000

Type  : Fast 1100mV 85C Model Minimum Pulse Width 'clk_dll10:u1|out_clk'
Slack : 0.143
TNS   : 0.000

Type  : Fast 1100mV 85C Model Minimum Pulse Width 'counter6:u7|q[1]'
Slack : 0.410
TNS   : 0.000

Type  : Fast 1100mV 85C Model Minimum Pulse Width 'counter4:u10|q2[1]'
Slack : 0.431
TNS   : 0.000

Type  : Fast 1100mV 85C Model Minimum Pulse Width 'counter9:u6|q[1]'
Slack : 0.445
TNS   : 0.000

Type  : Fast 1100mV 85C Model Minimum Pulse Width 'counter6:u9|q[1]'
Slack : 0.448
TNS   : 0.000

Type  : Fast 1100mV 85C Model Minimum Pulse Width 'counter9:u8|q[1]'
Slack : 0.452
TNS   : 0.000

Type  : Fast 1100mV 85C Model Minimum Pulse Width 'counter4:u10|q[1]'
Slack : 0.454
TNS   : 0.000

Type  : Fast 1100mV 0C Model Setup 'clk'
Slack : -3.246
TNS   : -32.856

Type  : Fast 1100mV 0C Model Setup 'counter9:u8|q[1]'
Slack : -1.439
TNS   : -7.622

Type  : Fast 1100mV 0C Model Setup 'clk_dll3600:u4|out_clk'
Slack : -1.418
TNS   : -15.983

Type  : Fast 1100mV 0C Model Setup 'counter4:u10|q2[1]'
Slack : -1.357
TNS   : -8.557

Type  : Fast 1100mV 0C Model Setup 'counter6:u7|q[1]'
Slack : -1.313
TNS   : -7.235

Type  : Fast 1100mV 0C Model Setup 'counter6:u9|q[1]'
Slack : -1.241
TNS   : -7.420

Type  : Fast 1100mV 0C Model Setup 'counter9:u6|q[1]'
Slack : -1.200
TNS   : -7.791

Type  : Fast 1100mV 0C Model Setup 'counter4:u10|q[1]'
Slack : -1.187
TNS   : -7.456

Type  : Fast 1100mV 0C Model Setup 'clk_dll60:u2|out_clk'
Slack : -1.040
TNS   : -5.639

Type  : Fast 1100mV 0C Model Setup 'clk_dll600:u3|out_clk'
Slack : -0.983
TNS   : -6.174

Type  : Fast 1100mV 0C Model Setup 'clk_dll:u0|out_clk'
Slack : -0.916
TNS   : -4.810

Type  : Fast 1100mV 0C Model Setup 'clk_dll10:u1|out_clk'
Slack : -0.877
TNS   : -6.036

Type  : Fast 1100mV 0C Model Hold 'counter9:u8|q[1]'
Slack : -0.348
TNS   : -0.468

Type  : Fast 1100mV 0C Model Hold 'counter6:u7|q[1]'
Slack : -0.341
TNS   : -0.363

Type  : Fast 1100mV 0C Model Hold 'clk_dll3600:u4|out_clk'
Slack : -0.073
TNS   : -0.177

Type  : Fast 1100mV 0C Model Hold 'counter9:u6|q[1]'
Slack : -0.022
TNS   : -0.022

Type  : Fast 1100mV 0C Model Hold 'clk_dll60:u2|out_clk'
Slack : 0.027
TNS   : 0.000

Type  : Fast 1100mV 0C Model Hold 'counter6:u9|q[1]'
Slack : 0.027
TNS   : 0.000

Type  : Fast 1100mV 0C Model Hold 'clk_dll:u0|out_clk'
Slack : 0.042
TNS   : 0.000

Type  : Fast 1100mV 0C Model Hold 'clk_dll10:u1|out_clk'
Slack : 0.143
TNS   : 0.000

Type  : Fast 1100mV 0C Model Hold 'clk_dll600:u3|out_clk'
Slack : 0.144
TNS   : 0.000

Type  : Fast 1100mV 0C Model Hold 'counter4:u10|q[1]'
Slack : 0.234
TNS   : 0.000

Type  : Fast 1100mV 0C Model Hold 'clk'
Slack : 0.236
TNS   : 0.000

Type  : Fast 1100mV 0C Model Hold 'counter4:u10|q2[1]'
Slack : 0.282
TNS   : 0.000

Type  : Fast 1100mV 0C Model Minimum Pulse Width 'clk'
Slack : -0.514
TNS   : -3.758

Type  : Fast 1100mV 0C Model Minimum Pulse Width 'clk_dll60:u2|out_clk'
Slack : 0.042
TNS   : 0.000

Type  : Fast 1100mV 0C Model Minimum Pulse Width 'clk_dll3600:u4|out_clk'
Slack : 0.062
TNS   : 0.000

Type  : Fast 1100mV 0C Model Minimum Pulse Width 'clk_dll:u0|out_clk'
Slack : 0.099
TNS   : 0.000

Type  : Fast 1100mV 0C Model Minimum Pulse Width 'clk_dll10:u1|out_clk'
Slack : 0.143
TNS   : 0.000

Type  : Fast 1100mV 0C Model Minimum Pulse Width 'clk_dll600:u3|out_clk'
Slack : 0.146
TNS   : 0.000

Type  : Fast 1100mV 0C Model Minimum Pulse Width 'counter6:u7|q[1]'
Slack : 0.424
TNS   : 0.000

Type  : Fast 1100mV 0C Model Minimum Pulse Width 'counter4:u10|q2[1]'
Slack : 0.437
TNS   : 0.000

Type  : Fast 1100mV 0C Model Minimum Pulse Width 'counter9:u8|q[1]'
Slack : 0.451
TNS   : 0.000

Type  : Fast 1100mV 0C Model Minimum Pulse Width 'counter6:u9|q[1]'
Slack : 0.453
TNS   : 0.000

Type  : Fast 1100mV 0C Model Minimum Pulse Width 'counter9:u6|q[1]'
Slack : 0.455
TNS   : 0.000

Type  : Fast 1100mV 0C Model Minimum Pulse Width 'counter4:u10|q[1]'
Slack : 0.462
TNS   : 0.000

------------------------------------------------------------
